// Jest Snapshot v1, https://goo.gl/fbAQLP

exports[`NoScores should match snapshot 1`] = `
.c0 {
  text-align: center;
  font-size: 2rem;
  color: #fff0f0;
  -webkit-transition: color 0.6s ease-out,text-shadow 0.6s ease-out;
  -moz-transition: color 0.6s ease-out,text-shadow 0.6s ease-out;
  -o-transition: color 0.6s ease-out,text-shadow 0.6s ease-out;
  -webkit-transition: color 0.6s ease-out,text-shadow 0.6s ease-out;
  transition: color 0.6s ease-out,text-shadow 0.6s ease-out;
  text-shadow: #ff0025 -2px -1px 5px,#ff0025 2px 1px 5px, #ff0025 0px 0px 10px,#ff0025 0px 0px 15px,#ff0025 0px 0px 20px, #ff0025 0px 0px 30px;
}

<div
  class="c0"
>
  <span>
    No Scores found ðŸ˜¢
  </span>
</div>
`;
