// Jest Snapshot v1, https://goo.gl/fbAQLP

exports[`Divider should match the snapshot 1`] = `
.c0 {
  margin-top: 1rem;
  margin-bottom: 1rem;
  border: 0;
  border-top: 1px solid rgba(255,255,255,0.7);
}

<hr
  class="c0"
/>
`;
